// Jest Snapshot v1, https://goo.gl/fbAQLP

exports[`Jest snapshot to test components 1`] = `
Array [
  <div
    className="nav-bar"
    data-testId="nav"
  >
    <div
      className="logo"
    >
      <h1
        className="magicians"
      >
        Math Magicians
      </h1>
    </div>
    <nav
      className="nav"
    >
      <a
        className="links"
        href="/"
        onClick={[Function]}
      >
        Home
      </a>
      |
      <a
        className="links"
        href="/calculator"
        onClick={[Function]}
      >
        Calculator
      </a>
      |
      <a
        className="links"
        href="/quotes"
        onClick={[Function]}
      >
        Quotes
      </a>
    </nav>
  </div>,
  <main
    data-testid="genesis"
  >
    <h2
      className="welcome"
    >
      Welcome to our page
    </h2>
    <div
      className="lores"
    >
      <p
        className="lore"
      >
        Lorem ipsum dolor sit amet consectetur adipisicing elit. Laborum maxime a ex quaerat nesciunt nostrum labore blanditiis voluptatum, repellendus sed, odio sit eveniet natus harum nisi voluptatem amet. Consequatur, consectetur. Lorem ipsum dolor sit amet consectetur adipisicing elit. Laborum maxime a ex quaerat nesciunt nostrum labore blanditiis voluptatum, repellendus sed, odio sit eveniet natus harum nisi voluptatem amet. Consequatur, consectetur.
      </p>
      <p
        className="lore"
      >
        Lorem ipsum dolor sit amet consectetur adipisicing elit. Laborum maxime a ex quaerat nesciunt nostrum labore blanditiis voluptatum, repellendus sed, odio sit eveniet natus harum nisi voluptatem amet. Consequatur, consectetur.Lorem ipsum dolor sit amet consectetur adipisicing elit. Laborum maxime a ex quaerat nesciunt nostrum labore blanditiis voluptatum, repellendus sed, odio sit eveniet natus harum nisi voluptatem amet. Consequatur, consectetur.
      </p>
    </div>
  </main>,
  <section
    className="thesect"
  >
    <div
      className="logo"
    >
      <h1
        className="magicians"
      >
        Math Magicians
      </h1>
    </div>
    <div>
      <h2
        className="maker"
      >
        Created by Daniel
      </h2>
    </div>
    <article
      className="contact"
    >
      <div
        className="contacts"
      >
        Conatct:+2348114374848
      </div>
    </article>
  </section>,
]
`;
